{
  "version": "1.5.0",
  "plugins_used": [
    {
      "name": "ArtifactoryDetector"
    },
    {
      "name": "AWSKeyDetector"
    },
    {
      "name": "AzureStorageKeyDetector"
    },
    {
      "name": "Base64HighEntropyString",
      "limit": 4.5
    },
    {
      "name": "BasicAuthDetector"
    },
    {
      "name": "CloudantDetector"
    },
    {
      "name": "DiscordBotTokenDetector"
    },
    {
      "name": "GitHubTokenDetector"
    },
    {
      "name": "GitLabTokenDetector"
    },
    {
      "name": "HexHighEntropyString",
      "limit": 3.0
    },
    {
      "name": "IbmCloudIamDetector"
    },
    {
      "name": "IbmCosHmacDetector"
    },
    {
      "name": "IPPublicDetector"
    },
    {
      "name": "JwtTokenDetector"
    },
    {
      "name": "KeywordDetector",
      "keyword_exclude": ""
    },
    {
      "name": "MailchimpDetector"
    },
    {
      "name": "NpmDetector"
    },
    {
      "name": "OpenAIDetector"
    },
    {
      "name": "PrivateKeyDetector"
    },
    {
      "name": "PypiTokenDetector"
    },
    {
      "name": "SendGridDetector"
    },
    {
      "name": "SlackDetector"
    },
    {
      "name": "SoftlayerDetector"
    },
    {
      "name": "SquareOAuthDetector"
    },
    {
      "name": "StripeDetector"
    },
    {
      "name": "TelegramBotTokenDetector"
    },
    {
      "name": "TwilioKeyDetector"
    }
  ],
  "filters_used": [
    {
      "path": "detect_secrets.filters.allowlist.is_line_allowlisted"
    },
    {
      "path": "detect_secrets.filters.common.is_ignored_due_to_verification_policies",
      "min_level": 2
    },
    {
      "path": "detect_secrets.filters.heuristic.is_indirect_reference"
    },
    {
      "path": "detect_secrets.filters.heuristic.is_likely_id_string"
    },
    {
      "path": "detect_secrets.filters.heuristic.is_lock_file"
    },
    {
      "path": "detect_secrets.filters.heuristic.is_not_alphanumeric_string"
    },
    {
      "path": "detect_secrets.filters.heuristic.is_potential_uuid"
    },
    {
      "path": "detect_secrets.filters.heuristic.is_prefixed_with_dollar_sign"
    },
    {
      "path": "detect_secrets.filters.heuristic.is_sequential_string"
    },
    {
      "path": "detect_secrets.filters.heuristic.is_swagger_file"
    },
    {
      "path": "detect_secrets.filters.heuristic.is_templated_secret"
    },
    {
      "path": "detect_secrets.filters.regex.should_exclude_file",
      "pattern": [
        "^(.venv/|.local/|.terraform/|terraform.tfstate.d/|dbt_packages/|logs/)|package-lock.yml"
      ]
    }
  ],
  "results": {
    "tidywigits-query-examples/notebook_duckdb.ipynb": [
      {
        "type": "Hex High Entropy String",
        "filename": "tidywigits-query-examples/notebook_duckdb.ipynb",
        "hashed_secret": "f9f103ac41cea23e6105aff4510a089e92f9d58b",
        "is_verified": false,
        "line_number": 18
      },
      {
        "type": "Hex High Entropy String",
        "filename": "tidywigits-query-examples/notebook_duckdb.ipynb",
        "hashed_secret": "8704ca4653f9f73ca8cc17b2e93bd9cf50c7c880",
        "is_verified": false,
        "line_number": 27
      },
      {
        "type": "Hex High Entropy String",
        "filename": "tidywigits-query-examples/notebook_duckdb.ipynb",
        "hashed_secret": "159bfa0f5ce39747b962ce21f531b0789b57f30d",
        "is_verified": false,
        "line_number": 40
      },
      {
        "type": "Hex High Entropy String",
        "filename": "tidywigits-query-examples/notebook_duckdb.ipynb",
        "hashed_secret": "b5736881d769e37b30f4fd9dfcf26618e766f5d4",
        "is_verified": false,
        "line_number": 56
      },
      {
        "type": "Hex High Entropy String",
        "filename": "tidywigits-query-examples/notebook_duckdb.ipynb",
        "hashed_secret": "fa0bccfb9e5880422d4509a580ecd5fdcad988f1",
        "is_verified": false,
        "line_number": 74
      },
      {
        "type": "Hex High Entropy String",
        "filename": "tidywigits-query-examples/notebook_duckdb.ipynb",
        "hashed_secret": "8d501d70651d40a7585265e936e99d77fe69c69b",
        "is_verified": false,
        "line_number": 87
      },
      {
        "type": "Hex High Entropy String",
        "filename": "tidywigits-query-examples/notebook_duckdb.ipynb",
        "hashed_secret": "7c209b5569be67a3e0ab026229e89a21f740ba70",
        "is_verified": false,
        "line_number": 116
      },
      {
        "type": "Hex High Entropy String",
        "filename": "tidywigits-query-examples/notebook_duckdb.ipynb",
        "hashed_secret": "bb1dff2d79e8c02d89426e09dc779974d3fa5bcb",
        "is_verified": false,
        "line_number": 129
      },
      {
        "type": "Hex High Entropy String",
        "filename": "tidywigits-query-examples/notebook_duckdb.ipynb",
        "hashed_secret": "59540087a2767f789df366c8d4bcb28ee78b2112",
        "is_verified": false,
        "line_number": 180
      },
      {
        "type": "Hex High Entropy String",
        "filename": "tidywigits-query-examples/notebook_duckdb.ipynb",
        "hashed_secret": "b399df62041c8be08e1ab727858dd0823c52559e",
        "is_verified": false,
        "line_number": 193
      },
      {
        "type": "Hex High Entropy String",
        "filename": "tidywigits-query-examples/notebook_duckdb.ipynb",
        "hashed_secret": "b69dd5ef1b964f7bfd95491e86ef273fe2dcb038",
        "is_verified": false,
        "line_number": 206
      },
      {
        "type": "Hex High Entropy String",
        "filename": "tidywigits-query-examples/notebook_duckdb.ipynb",
        "hashed_secret": "202309dc887f78749290a5f8d46acaf3fa06f182",
        "is_verified": false,
        "line_number": 225
      },
      {
        "type": "Hex High Entropy String",
        "filename": "tidywigits-query-examples/notebook_duckdb.ipynb",
        "hashed_secret": "b85dda7bc03a4c5bb80b2a7b9cc27d594d952d91",
        "is_verified": false,
        "line_number": 255
      },
      {
        "type": "Hex High Entropy String",
        "filename": "tidywigits-query-examples/notebook_duckdb.ipynb",
        "hashed_secret": "4d5a8f1bc0dae69e13fb1ba01ca4a54122d2b0b8",
        "is_verified": false,
        "line_number": 301
      },
      {
        "type": "Hex High Entropy String",
        "filename": "tidywigits-query-examples/notebook_duckdb.ipynb",
        "hashed_secret": "0ac993f46cc389e11346d6a01691cf14cf6bbb0f",
        "is_verified": false,
        "line_number": 309
      },
      {
        "type": "Hex High Entropy String",
        "filename": "tidywigits-query-examples/notebook_duckdb.ipynb",
        "hashed_secret": "b342cf28724457ee8856f68ec21e6f38a0f99163",
        "is_verified": false,
        "line_number": 329
      },
      {
        "type": "Hex High Entropy String",
        "filename": "tidywigits-query-examples/notebook_duckdb.ipynb",
        "hashed_secret": "00bd94318b73c393932137d3853d0d332e097ae3",
        "is_verified": false,
        "line_number": 342
      },
      {
        "type": "Hex High Entropy String",
        "filename": "tidywigits-query-examples/notebook_duckdb.ipynb",
        "hashed_secret": "638f7781129a9cb4e9000065e77c5368aa4c5d4e",
        "is_verified": false,
        "line_number": 350
      },
      {
        "type": "Hex High Entropy String",
        "filename": "tidywigits-query-examples/notebook_duckdb.ipynb",
        "hashed_secret": "c21b05985b43c457cb6091919edaff117cde1800",
        "is_verified": false,
        "line_number": 363
      },
      {
        "type": "Hex High Entropy String",
        "filename": "tidywigits-query-examples/notebook_duckdb.ipynb",
        "hashed_secret": "a965131638556b6f41050f8adc3e212b1f67c090",
        "is_verified": false,
        "line_number": 400
      },
      {
        "type": "Hex High Entropy String",
        "filename": "tidywigits-query-examples/notebook_duckdb.ipynb",
        "hashed_secret": "540e42c6a2871baab917921634e6ac909840c9cc",
        "is_verified": false,
        "line_number": 441
      },
      {
        "type": "Hex High Entropy String",
        "filename": "tidywigits-query-examples/notebook_duckdb.ipynb",
        "hashed_secret": "0ca73bffd850586338f6db6db9f709dfe0d390e0",
        "is_verified": false,
        "line_number": 454
      },
      {
        "type": "Hex High Entropy String",
        "filename": "tidywigits-query-examples/notebook_duckdb.ipynb",
        "hashed_secret": "51b1f9d3a4af3780707036f828a52fdc8d8cc81a",
        "is_verified": false,
        "line_number": 490
      },
      {
        "type": "Hex High Entropy String",
        "filename": "tidywigits-query-examples/notebook_duckdb.ipynb",
        "hashed_secret": "495dcbe9115eabdc2ddd426728f763ca16a6dff5",
        "is_verified": false,
        "line_number": 533
      },
      {
        "type": "Hex High Entropy String",
        "filename": "tidywigits-query-examples/notebook_duckdb.ipynb",
        "hashed_secret": "c2097e43a6bab9cee8a9764c262cb18f13524664",
        "is_verified": false,
        "line_number": 2303
      }
    ]
  },
  "generated_at": "2026-06-11T07:42:11Z"
}
